[2021-02-25T16:50:23.155605+00:00] sikkerhet.INFO: testdebug [] []
[2021-02-25T16:54:54.094337+00:00] sikkerhet.INFO: testdebug [] []
[2021-02-25T16:56:18.922365+00:00] sikkerhet.INFO: testdebug [] []
[2021-02-25T16:59:05.640922+00:00] sikkerhet.INFO: testdebug [] []
